#-----------------------------------------------------------
# Vivado v2015.4 (64-bit)
# SW Build 1412921 on Wed Nov 18 09:43:45 MST 2015
# IP Build 1412160 on Tue Nov 17 13:47:24 MST 2015
# Start of session at: Sat Dec 03 22:27:59 2016
# Process ID: 62184
# Current directory: D:/TESTHDMI/ADV7511_HDMI_OUT/ADV7511_HDMI_OUT
# Command line: vivado.exe -gui_launcher_event rodinguilauncherevent63840 D:\TESTHDMI\ADV7511_HDMI_OUT\ADV7511_HDMI_OUT\ADV7511_HDMI_OUT.xpr
# Log file: D:/TESTHDMI/ADV7511_HDMI_OUT/ADV7511_HDMI_OUT/vivado.log
# Journal file: D:/TESTHDMI/ADV7511_HDMI_OUT/ADV7511_HDMI_OUT\vivado.jou
#-----------------------------------------------------------
start_gui
open_project D:/TESTHDMI/ADV7511_HDMI_OUT/ADV7511_HDMI_OUT/ADV7511_HDMI_OUT.xpr
update_compile_order -fileset sources_1
update_compile_order -fileset sim_1
update_compile_order -fileset sources_1
update_compile_order -fileset sim_1
update_compile_order -fileset sources_1
update_compile_order -fileset sim_1
update_compile_order -fileset sources_1
update_compile_order -fileset sim_1
update_compile_order -fileset sources_1
ipx::package_project -root_dir D:/TESTHDMI/ADV7511_HDMI_OUT/ADV7511_HDMI_OUT -vendor xilinx.com -library user -taxonomy /UserIP -import_files -set_current false -force
ipx::unload_core d:/TESTHDMI/ADV7511_HDMI_OUT/ADV7511_HDMI_OUT/component.xml
ipx::edit_ip_in_project -upgrade true -name tmp_edit_project -directory D:/TESTHDMI/ADV7511_HDMI_OUT/ADV7511_HDMI_OUT d:/TESTHDMI/ADV7511_HDMI_OUT/ADV7511_HDMI_OUT/component.xml
update_compile_order -fileset sim_1
close_project
